C:\Users\vetri\Documents\MCUXpressoIDE_25.6.136\workspace\CG2271-Project\FinalProjectMCXC\CMSIS/core_cm0plus.h:757:22:__NVIC_EnableIRQ	16	static
../drivers/fsl_clock.h:437:20:CLOCK_EnableClock	24	static
../drivers/fsl_clock.h:448:20:CLOCK_DisableClock	24	static
../drivers/fsl_common_arm.h:678:24:EnableIRQ	24	static
../drivers/fsl_common_arm.h:908:24:DisableGlobalIRQ	16	static
../drivers/fsl_common_arm.h:934:20:EnableGlobalIRQ	24	static
../drivers/fsl_lpuart.c:213:10:LPUART_GetInstance	24	static
../drivers/fsl_lpuart.c:242:8:LPUART_TransferGetRxRingBufferLength	32	static
../drivers/fsl_lpuart.c:263:13:LPUART_TransferIsRxRingBufferFull	24	static
../drivers/fsl_lpuart.c:280:13:LPUART_WriteNonBlocking	32	static
../drivers/fsl_lpuart.c:294:13:LPUART_WriteNonBlocking16bit	32	static
../drivers/fsl_lpuart.c:308:13:LPUART_ReadNonBlocking	32	static
../drivers/fsl_lpuart.c:338:13:LPUART_ReadNonBlocking16bit	32	static
../drivers/fsl_lpuart.c:375:10:LPUART_Init	96	static
../drivers/fsl_lpuart.c:624:10:LPUART_Deinit	24	static
../drivers/fsl_lpuart.c:709:6:LPUART_GetDefaultConfig	16	static
../drivers/fsl_lpuart.c:760:10:LPUART_SetBaudRate	104	static
../drivers/fsl_lpuart.c:863:6:LPUART_Enable9bitMode	24	static
../drivers/fsl_lpuart.c:897:6:LPUART_SendAddress	24	static
../drivers/fsl_lpuart.c:919:6:LPUART_EnableInterrupts	24	static
../drivers/fsl_lpuart.c:971:6:LPUART_DisableInterrupts	24	static
../drivers/fsl_lpuart.c:1029:10:LPUART_GetEnabledInterrupts	24	static
../drivers/fsl_lpuart.c:1067:10:LPUART_GetStatusFlags	24	static
../drivers/fsl_lpuart.c:1100:10:LPUART_ClearStatusFlags	24	static
../drivers/fsl_lpuart.c:1150:10:LPUART_WriteBlocking	32	static
../drivers/fsl_lpuart.c:1211:10:LPUART_WriteBlocking16bit	32	static
../drivers/fsl_lpuart.c:1260:17:LPUART_WaitForReadData	24	static
../drivers/fsl_lpuart.c:1357:10:LPUART_ReadBlocking	32	static
../drivers/fsl_lpuart.c:1417:10:LPUART_ReadBlocking16bit	32	static
../drivers/fsl_lpuart.c:1461:6:LPUART_TransferCreateHandle	32	static
../drivers/fsl_lpuart.c:1533:6:LPUART_TransferStartRingBuffer	32	static
../drivers/fsl_lpuart.c:1569:6:LPUART_TransferStopRingBuffer	24	static
../drivers/fsl_lpuart.c:1607:10:LPUART_TransferSendNonBlocking	32	static
../drivers/fsl_lpuart.c:1657:6:LPUART_TransferAbortSend	24	static
../drivers/fsl_lpuart.c:1682:10:LPUART_TransferGetSendCount	32	static
../drivers/fsl_lpuart.c:1740:10:LPUART_TransferReceiveNonBlocking	56	static
../drivers/fsl_lpuart.c:1901:6:LPUART_TransferAbortReceive	24	static
../drivers/fsl_lpuart.c:1932:10:LPUART_TransferGetReceiveCount	32	static
../drivers/fsl_lpuart.c:1952:13:LPUART_TransferHandleIDLEReady	32	static
../drivers/fsl_lpuart.c:2012:13:LPUART_TransferHandleReceiveDataFull	40	static
../drivers/fsl_lpuart.c:2148:13:LPUART_TransferHandleSendDataEmpty	32	static
../drivers/fsl_lpuart.c:2197:13:LPUART_TransferHandleTransmissionComplete	32	static
../drivers/fsl_lpuart.c:2225:6:LPUART_TransferHandleIRQ	40	static
../drivers/fsl_lpuart.c:2283:6:LPUART_TransferHandleErrorIRQ	16	static
../drivers/fsl_lpuart.c:2288:6:LPUART_DriverIRQHandler	16	static
../drivers/fsl_lpuart.c:2362:6:LPUART0_DriverIRQHandler	8	static
../drivers/fsl_lpuart.c:2388:6:LPUART1_DriverIRQHandler	8	static
