C:\Users\vetri\Documents\MCUXpressoIDE_25.6.136\workspace\CG2271-Project\FinalProjectMCXC\CMSIS/core_cm0plus.h:757:22:__NVIC_EnableIRQ	16	static
C:\Users\vetri\Documents\MCUXpressoIDE_25.6.136\workspace\CG2271-Project\FinalProjectMCXC\CMSIS/core_cm0plus.h:795:22:__NVIC_DisableIRQ	16	static
C:\Users\vetri\Documents\MCUXpressoIDE_25.6.136\workspace\CG2271-Project\FinalProjectMCXC\CMSIS/core_cm0plus.h:848:22:__NVIC_ClearPendingIRQ	16	static
C:\Users\vetri\Documents\MCUXpressoIDE_25.6.136\workspace\CG2271-Project\FinalProjectMCXC\CMSIS/core_cm0plus.h:866:22:__NVIC_SetPriority	24	static
../source/light_sensor.c:11:6:initLightADC	8	static
../source/light_sensor.c:56:6:startLightADC	8	static
../source/light_sensor.c:62:6:ADC0_IRQHandler	16	static
../source/light_sensor.c:74:6:LIGHT_SENSOR_Task	32	static
